<?xml version="1.0" encoding="UTF-8"?>
<testsuites name="jest tests" tests="2" failures="0" errors="0" time="0.396">
  <testsuite name="undefined" errors="0" failures="0" skipped="0" timestamp="2025-04-04T12:23:55" time="0.367" tests="2">
    <testcase classname=" should respond with status 200 on &quot;/&quot; route" name=" should respond with status 200 on &quot;/&quot; route" time="0.074">
    </testcase>
    <testcase classname=" should serve static files from /images" name=" should serve static files from /images" time="0.014">
    </testcase>
  </testsuite>
</testsuites>